src/app/[locale]/admin/settings/page.tsx(3,8): error TS1259: Module '"C:/Users/user/Desktop/Nusrat/node_modules/@types/react/index"' can only be default-imported using the 'esModuleInterop' flag
src/app/[locale]/admin/settings/page.tsx(4,59): error TS2307: Cannot find module '@/components/ui/Card' or its corresponding type declarations.
src/app/[locale]/admin/settings/page.tsx(5,24): error TS2307: Cannot find module '@/components/ui/Button' or its corresponding type declarations.
